#
# There is insufficient memory for the Java Runtime Environment to continue.
# Native memory allocation (malloc) failed to allocate 1048576 bytes. Error detail: AllocateHeap
# Possible reasons:
#   The system is out of physical RAM or swap space
#   This process is running with CompressedOops enabled, and the Java Heap may be blocking the growth of the native heap
# Possible solutions:
#   Reduce memory load on the system
#   Increase physical memory or swap space
#   Check if swap backing store is full
#   Decrease Java heap size (-Xmx/-Xms)
#   Decrease number of Java threads
#   Decrease Java thread stack sizes (-Xss)
#   Set larger code cache with -XX:ReservedCodeCacheSize=
#   JVM is running with Unscaled Compressed Oops mode in which the Java heap is
#     placed in the first 4GB address space. The Java Heap base address is the
#     maximum limit for the native heap growth. Please use -XX:HeapBaseMinAddress
#     to set the Java Heap base and to place the Java Heap above 4GB virtual address.
# This output file may be truncated or incomplete.
#
#  Out of Memory Error (allocation.cpp:44), pid=6556, tid=21968
#
# JRE version: OpenJDK Runtime Environment Temurin-21.0.10+7 (21.0.10+7) (build 21.0.10+7-LTS)
# Java VM: OpenJDK 64-Bit Server VM Temurin-21.0.10+7 (21.0.10+7-LTS, mixed mode, sharing, tiered, compressed oops, compressed class ptrs, parallel gc, windows-amd64)
# No core dump will be written. Minidumps are not enabled by default on client versions of Windows
#

---------------  S U M M A R Y ------------

Command Line: --add-modules=ALL-SYSTEM --add-opens=java.base/java.util=ALL-UNNAMED --add-opens=java.base/java.lang=ALL-UNNAMED --add-opens=java.base/sun.nio.fs=ALL-UNNAMED -Declipse.application=org.eclipse.jdt.ls.core.id1 -Dosgi.bundles.defaultStartLevel=4 -Declipse.product=org.eclipse.jdt.ls.core.product -Djava.import.generatesMetadataFilesAtProjectRoot=false -DDetectVMInstallationsJob.disabled=true -Dfile.encoding=utf8 -XX:+UseParallelGC -XX:GCTimeRatio=4 -XX:AdaptiveSizePolicyWeight=90 -Dsun.zip.disableMemoryMapping=true -Xmx2G -Xms100m -Xlog:disable -javaagent:c:\Users\Xandy\.vscode\extensions\redhat.java-1.54.0-win32-x64\lombok\lombok-1.18.39-4050.jar -XX:+HeapDumpOnOutOfMemoryError -XX:HeapDumpPath=c:\Users\Xandy\AppData\Roaming\Code\User\workspaceStorage\f959030960464c095eab464953977d97\redhat.java -Daether.dependencyCollector.impl=bf c:\Users\Xandy\.vscode\extensions\redhat.java-1.54.0-win32-x64\server\plugins\org.eclipse.equinox.launcher_1.7.100.v20251111-0406.jar -configuration c:\Users\Xandy\AppData\Roaming\Code\User\globalStorage\redhat.java\1.54.0\config_win -data c:\Users\Xandy\AppData\Roaming\Code\User\workspaceStorage\f959030960464c095eab464953977d97\redhat.java\jdt_ws --pipe=\\.\pipe\lsp-68227e73c8997c5039bf0fc27528e29f-sock

Host: Intel(R) Xeon(R) CPU E5-2650 v3 @ 2.30GHz, 20 cores, 15G,  Windows 11 , 64 bit Build 26100 (10.0.26100.8246)
Time: Sun May 10 20:13:42 2026 Hora oficial do Brasil elapsed time: 2132.007048 seconds (0d 0h 35m 32s)

---------------  T H R E A D  ---------------

Current thread (0x0000024f462b4f50):  JavaThread "Attach Listener" daemon [_thread_in_vm, id=21968, stack(0x000000ed7cb00000,0x000000ed7cc00000) (1024K)]

Stack: [0x000000ed7cb00000,0x000000ed7cc00000]
Native frames: (J=compiled Java code, j=interpreted, Vv=VM code, C=native code)
V  [jvm.dll+0x6d7a39]
V  [jvm.dll+0x8b4b26]
V  [jvm.dll+0x8b70de]
V  [jvm.dll+0x8b77c3]
V  [jvm.dll+0x284346]
V  [jvm.dll+0xc1277]
V  [jvm.dll+0x6d82e9]
V  [jvm.dll+0x1334a6]
V  [jvm.dll+0x3f857e]
V  [jvm.dll+0x85f59d]
V  [jvm.dll+0x6d626d]
C  [ucrtbase.dll+0x37b0]
C  [KERNEL32.DLL+0x2e8d7]
C  [ntdll.dll+0x8c3fc]


---------------  P R O C E S S  ---------------

Threads class SMR info:
_java_thread_list=0x0000024f68b92ed0, length=46, elements={
0x0000024f43eb4bc0, 0x0000024f462a93c0, 0x0000024f462ad740, 0x0000024f462b6990,
0x0000024f462b4f50, 0x0000024f462b3510, 0x0000024f462b48c0, 0x0000024f5e0d5b60,
0x0000024f5e0d8670, 0x0000024f462b55e0, 0x0000024f462b3ba0, 0x0000024f462b5c70,
0x0000024f462b4230, 0x0000024f462b6300, 0x0000024f645e90e0, 0x0000024f645e8a50,
0x0000024f645e5c60, 0x0000024f645e9770, 0x0000024f645e62f0, 0x0000024f645e9e00,
0x0000024f645e7d30, 0x0000024f645ea490, 0x0000024f645e83c0, 0x0000024f645eab20,
0x0000024f645ecbf0, 0x0000024f645eb840, 0x0000024f645eb1b0, 0x0000024f645ebed0,
0x0000024f645ec560, 0x0000024f645ed280, 0x0000024f66893500, 0x0000024f668955d0,
0x0000024f66893b90, 0x0000024f66892e70, 0x0000024f66894f40, 0x0000024f66892150,
0x0000024f668948b0, 0x0000024f66895c60, 0x0000024f668927e0, 0x0000024f668962f0,
0x0000024f66896980, 0x0000024f66897010, 0x0000024f668976a0, 0x0000024f668983c0,
0x0000024f66897d30, 0x0000024f66898a50
}

Java Threads: ( => current thread )
  0x0000024f43eb4bc0 JavaThread "main"                              [_thread_blocked, id=22036, stack(0x000000ed7c400000,0x000000ed7c500000) (1024K)]
  0x0000024f462a93c0 JavaThread "Reference Handler"          daemon [_thread_blocked, id=21880, stack(0x000000ed7c800000,0x000000ed7c900000) (1024K)]
  0x0000024f462ad740 JavaThread "Finalizer"                  daemon [_thread_blocked, id=20924, stack(0x000000ed7c900000,0x000000ed7ca00000) (1024K)]
  0x0000024f462b6990 JavaThread "Signal Dispatcher"          daemon [_thread_blocked, id=21884, stack(0x000000ed7ca00000,0x000000ed7cb00000) (1024K)]
=>0x0000024f462b4f50 JavaThread "Attach Listener"            daemon [_thread_in_vm, id=21968, stack(0x000000ed7cb00000,0x000000ed7cc00000) (1024K)]
  0x0000024f462b3510 JavaThread "Service Thread"             daemon [_thread_blocked, id=21996, stack(0x000000ed7cc00000,0x000000ed7cd00000) (1024K)]
  0x0000024f462b48c0 JavaThread "Monitor Deflation Thread"   daemon [_thread_blocked, id=22096, stack(0x000000ed7cd00000,0x000000ed7ce00000) (1024K)]
  0x0000024f5e0d5b60 JavaThread "C2 CompilerThread0"         daemon [_thread_blocked, id=22000, stack(0x000000ed7ce00000,0x000000ed7cf00000) (1024K)]
  0x0000024f5e0d8670 JavaThread "C1 CompilerThread0"         daemon [_thread_blocked, id=22180, stack(0x000000ed7cf00000,0x000000ed7d000000) (1024K)]
  0x0000024f462b55e0 JavaThread "Common-Cleaner"             daemon [_thread_blocked, id=21872, stack(0x000000ed7d500000,0x000000ed7d600000) (1024K)]
  0x0000024f462b3ba0 JavaThread "Notification Thread"        daemon [_thread_blocked, id=22296, stack(0x000000ed7d300000,0x000000ed7d400000) (1024K)]
  0x0000024f462b5c70 JavaThread "Active Thread: Equinox Container: d0c8a3d7-8962-4b2f-90e3-5d5aefa050e8"        [_thread_blocked, id=22288, stack(0x000000ed7de00000,0x000000ed7df00000) (1024K)]
  0x0000024f462b4230 JavaThread "Refresh Thread: Equinox Container: d0c8a3d7-8962-4b2f-90e3-5d5aefa050e8" daemon [_thread_blocked, id=10080, stack(0x000000ed7d000000,0x000000ed7d100000) (1024K)]
  0x0000024f462b6300 JavaThread "Framework Event Dispatcher: Equinox Container: d0c8a3d7-8962-4b2f-90e3-5d5aefa050e8" daemon [_thread_blocked, id=21684, stack(0x000000ed7d200000,0x000000ed7d300000) (1024K)]
  0x0000024f645e90e0 JavaThread "Start Level: Equinox Container: d0c8a3d7-8962-4b2f-90e3-5d5aefa050e8" daemon [_thread_blocked, id=21572, stack(0x000000ed7d400000,0x000000ed7d500000) (1024K)]
  0x0000024f645e8a50 JavaThread "Bundle File Closer"         daemon [_thread_blocked, id=22104, stack(0x000000ed7e100000,0x000000ed7e200000) (1024K)]
  0x0000024f645e5c60 JavaThread "SCR Component Actor"        daemon [_thread_blocked, id=16144, stack(0x000000ed7e300000,0x000000ed7e400000) (1024K)]
  0x0000024f645e9770 JavaThread "Worker-JM"                         [_thread_blocked, id=996, stack(0x000000ed7e800000,0x000000ed7e900000) (1024K)]
  0x0000024f645e62f0 JavaThread "JNA Cleaner"                daemon [_thread_blocked, id=21932, stack(0x000000ed7e000000,0x000000ed7e100000) (1024K)]
  0x0000024f645e9e00 JavaThread "Worker-0"                          [_thread_blocked, id=22136, stack(0x000000ed7e200000,0x000000ed7e300000) (1024K)]
  0x0000024f645e7d30 JavaThread "Java indexing"              daemon [_thread_blocked, id=21852, stack(0x000000ed7ef00000,0x000000ed7f000000) (1024K)]
  0x0000024f645ea490 JavaThread "Worker-2"                          [_thread_blocked, id=9384, stack(0x000000ed7f300000,0x000000ed7f400000) (1024K)]
  0x0000024f645e83c0 JavaThread "Thread-1"                   daemon [_thread_in_native, id=3140, stack(0x000000ed7f500000,0x000000ed7f600000) (1024K)]
  0x0000024f645eab20 JavaThread "Thread-2"                   daemon [_thread_in_native, id=21952, stack(0x000000ed7f600000,0x000000ed7f700000) (1024K)]
  0x0000024f645ecbf0 JavaThread "Thread-3"                   daemon [_thread_in_native, id=17232, stack(0x000000ed7f700000,0x000000ed7f800000) (1024K)]
  0x0000024f645eb840 JavaThread "Thread-4"                   daemon [_thread_in_native, id=3888, stack(0x000000ed7f900000,0x000000ed7fa00000) (1024K)]
  0x0000024f645eb1b0 JavaThread "Thread-5"                   daemon [_thread_in_native, id=4860, stack(0x000000ed7fa00000,0x000000ed7fb00000) (1024K)]
  0x0000024f645ebed0 JavaThread "Thread-6"                   daemon [_thread_in_native, id=12756, stack(0x000000ed7fb00000,0x000000ed7fc00000) (1024K)]
  0x0000024f645ec560 JavaThread "Thread-7"                   daemon [_thread_in_native, id=18924, stack(0x000000ed7fc00000,0x000000ed7fd00000) (1024K)]
  0x0000024f645ed280 JavaThread "Thread-8"                   daemon [_thread_in_native, id=11416, stack(0x000000ed7fd00000,0x000000ed7fe00000) (1024K)]
  0x0000024f66893500 JavaThread "Thread-9"                   daemon [_thread_in_native, id=20656, stack(0x000000ed7fe00000,0x000000ed7ff00000) (1024K)]
  0x0000024f668955d0 JavaThread "Thread-10"                  daemon [_thread_in_native, id=21748, stack(0x000000ed7ff00000,0x000000ed80000000) (1024K)]
  0x0000024f66893b90 JavaThread "Thread-11"                  daemon [_thread_in_native, id=21768, stack(0x000000ed00000000,0x000000ed00100000) (1024K)]
  0x0000024f66892e70 JavaThread "Thread-12"                  daemon [_thread_in_native, id=16564, stack(0x000000ed00100000,0x000000ed00200000) (1024K)]
  0x0000024f66894f40 JavaThread "Thread-13"                  daemon [_thread_in_native, id=16544, stack(0x000000ed00200000,0x000000ed00300000) (1024K)]
  0x0000024f66892150 JavaThread "Thread-14"                  daemon [_thread_in_native, id=9736, stack(0x000000ed00300000,0x000000ed00400000) (1024K)]
  0x0000024f668948b0 JavaThread "Thread-15"                  daemon [_thread_in_native, id=17244, stack(0x000000ed00400000,0x000000ed00500000) (1024K)]
  0x0000024f66895c60 JavaThread "Thread-16"                  daemon [_thread_in_native, id=11380, stack(0x000000ed00500000,0x000000ed00600000) (1024K)]
  0x0000024f668927e0 JavaThread "Thread-17"                  daemon [_thread_in_native, id=21992, stack(0x000000ed00600000,0x000000ed00700000) (1024K)]
  0x0000024f668962f0 JavaThread "Thread-18"                  daemon [_thread_in_native, id=13572, stack(0x000000ed00700000,0x000000ed00800000) (1024K)]
  0x0000024f66896980 JavaThread "Thread-19"                  daemon [_thread_in_native, id=20008, stack(0x000000ed00800000,0x000000ed00900000) (1024K)]
  0x0000024f66897010 JavaThread "Thread-20"                  daemon [_thread_in_native, id=16432, stack(0x000000ed00900000,0x000000ed00a00000) (1024K)]
  0x0000024f668976a0 JavaThread "Thread-21"                  daemon [_thread_in_native, id=20716, stack(0x000000ed00a00000,0x000000ed00b00000) (1024K)]
  0x0000024f668983c0 JavaThread "pool-2-thread-1"                   [_thread_blocked, id=22084, stack(0x000000ed00c00000,0x000000ed00d00000) (1024K)]
  0x0000024f66897d30 JavaThread "WorkspaceEventsHandler"            [_thread_blocked, id=22112, stack(0x000000ed00f00000,0x000000ed01000000) (1024K)]
  0x0000024f66898a50 JavaThread "pool-1-thread-1"                   [_thread_blocked, id=21804, stack(0x000000ed01000000,0x000000ed01100000) (1024K)]
Total: 46

Other Threads:
  0x0000024f463ba370 VMThread "VM Thread"                           [id=22220, stack(0x000000ed7c700000,0x000000ed7c800000) (1024K)]
  0x0000024f4619ca00 WatcherThread "VM Periodic Task Thread"        [id=7192, stack(0x000000ed7c600000,0x000000ed7c700000) (1024K)]
  0x0000024f46337140 WorkerThread "GC Thread#0"                     [id=21944, stack(0x000000ed7c500000,0x000000ed7c600000) (1024K)]
  0x0000024f64634ce0 WorkerThread "GC Thread#1"                     [id=22384, stack(0x000000ed7d700000,0x000000ed7d800000) (1024K)]
  0x0000024f647326f0 WorkerThread "GC Thread#2"                     [id=22336, stack(0x000000ed7d800000,0x000000ed7d900000) (1024K)]
  0x0000024f64731be0 WorkerThread "GC Thread#3"                     [id=22332, stack(0x000000ed7d900000,0x000000ed7da00000) (1024K)]
  0x0000024f64732340 WorkerThread "GC Thread#4"                     [id=22320, stack(0x000000ed7da00000,0x000000ed7db00000) (1024K)]
  0x0000024f64731830 WorkerThread "GC Thread#5"                     [id=22272, stack(0x000000ed7db00000,0x000000ed7dc00000) (1024K)]
  0x0000024f64731f90 WorkerThread "GC Thread#6"                     [id=22404, stack(0x000000ed7dc00000,0x000000ed7dd00000) (1024K)]
  0x0000024f64732aa0 WorkerThread "GC Thread#7"                     [id=22468, stack(0x000000ed7df00000,0x000000ed7e000000) (1024K)]
  0x0000024f647c3a30 WorkerThread "GC Thread#8"                     [id=16380, stack(0x000000ed7d100000,0x000000ed7d200000) (1024K)]
  0x0000024f647c2b70 WorkerThread "GC Thread#9"                     [id=7584, stack(0x000000ed7d600000,0x000000ed7d700000) (1024K)]
  0x0000024f647c1900 WorkerThread "GC Thread#10"                    [id=22048, stack(0x000000ed7dd00000,0x000000ed7de00000) (1024K)]
  0x0000024f647c3de0 WorkerThread "GC Thread#11"                    [id=8132, stack(0x000000ed7e500000,0x000000ed7e600000) (1024K)]
  0x0000024f647c3680 WorkerThread "GC Thread#12"                    [id=13420, stack(0x000000ed7e600000,0x000000ed7e700000) (1024K)]
  0x0000024f647c4540 WorkerThread "GC Thread#13"                    [id=7820, stack(0x000000ed7eb00000,0x000000ed7ec00000) (1024K)]
  0x0000024f647c27c0 WorkerThread "GC Thread#14"                    [id=21840, stack(0x000000ed7ec00000,0x000000ed7ed00000) (1024K)]
Total: 17

Threads with active compile tasks:
Total: 0

VM state: not at safepoint (normal execution)

VM Mutex/Monitor currently owned by a thread: None

Heap address: 0x0000000080000000, size: 2048 MB, Compressed Oops mode: 32-bit

CDS archive(s) mapped at: [0x0000024f00000000-0x0000024f00ba0000-0x0000024f00ba0000), size 12189696, SharedBaseAddress: 0x0000024f00000000, ArchiveRelocationMode: 1.
Compressed class space mapped at: 0x0000024f01000000-0x0000024f41000000, reserved size: 1073741824
Narrow klass base: 0x0000024f00000000, Narrow klass shift: 0, Narrow klass range: 0x100000000

GC Precious Log:
 CardTable entry size: 512
 CPUs: 20 total, 20 available
 Memory: 16236M
 Large Page Support: Disabled
 NUMA Support: Disabled
 Compressed Oops: Enabled (32-bit)
 Alignments: Space 512K, Generation 512K, Heap 2M
 Heap Min Capacity: 100M
 Heap Initial Capacity: 100M
 Heap Max Capacity: 2G
 Pre-touch: Disabled
 Parallel Workers: 15

Heap:
 PSYoungGen      total 20480K, used 19424K [0x00000000d5580000, 0x00000000d6b00000, 0x0000000100000000)
  eden space 19456K, 95% used [0x00000000d5580000,0x00000000d67a0138,0x00000000d6880000)
  from space 1024K, 84% used [0x00000000d6a00000,0x00000000d6ad8000,0x00000000d6b00000)
  to   space 1024K, 0% used [0x00000000d6880000,0x00000000d6880000,0x00000000d6980000)
 ParOldGen       total 68608K, used 60952K [0x0000000080000000, 0x0000000084300000, 0x00000000d5580000)
  object space 68608K, 88% used [0x0000000080000000,0x0000000083b86380,0x0000000084300000)
 Metaspace       used 54143K, committed 55552K, reserved 1114112K
  class space    used 5727K, committed 6336K, reserved 1048576K

Card table byte_map: [0x0000024f45cb0000,0x0000024f460c0000] _byte_map_base: 0x0000024f458b0000

Marking Bits: (ParMarkBitMap*) 0x00007fff7f963450
 Begin Bits: [0x0000024f587c0000, 0x0000024f5a7c0000)
 End Bits:   [0x0000024f5a7c0000, 0x0000024f5c7c0000)

Polling page: 0x0000024f440c0000

Metaspace:

Usage:
  Non-class:     47.28 MB used.
      Class:      5.59 MB used.
       Both:     52.87 MB used.

Virtual space:
  Non-class space:       64.00 MB reserved,      48.06 MB ( 75%) committed,  1 nodes.
      Class space:        1.00 GB reserved,       6.19 MB ( <1%) committed,  1 nodes.
             Both:        1.06 GB reserved,      54.25 MB (  5%) committed. 

Chunk freelists:
   Non-Class:  15.98 MB
       Class:  9.78 MB
        Both:  25.77 MB

MaxMetaspaceSize: unlimited
CompressedClassSpaceSize: 1.00 GB
Initial GC threshold: 21.00 MB
Current GC threshold: 58.38 MB
CDS: on
 - commit_granule_bytes: 65536.
 - commit_granule_words: 8192.
 - virtual_space_node_default_size: 8388608.
 - enlarge_chunks_in_place: 1.
 - use_allocation_guard: 0.


Internal statistics:

num_allocs_failed_limit: 6.
num_arena_births: 1092.
num_arena_deaths: 14.
num_vsnodes_births: 2.
num_vsnodes_deaths: 0.
num_space_committed: 868.
num_space_uncommitted: 0.
num_chunks_returned_to_freelist: 20.
num_chunks_taken_from_freelist: 3613.
num_chunk_merges: 8.
num_chunk_splits: 2221.
num_chunks_enlarged: 1241.
num_inconsistent_stats: 0.

CodeHeap 'non-profiled nmethods': size=119168Kb used=6846Kb max_used=6846Kb free=112321Kb
 bounds [0x0000024f510b0000, 0x0000024f51760000, 0x0000024f58510000]
CodeHeap 'profiled nmethods': size=119104Kb used=22891Kb max_used=22891Kb free=96212Kb
 bounds [0x0000024f49510000, 0x0000024f4ab70000, 0x0000024f50960000]
CodeHeap 'non-nmethods': size=7488Kb used=1383Kb max_used=3145Kb free=6104Kb
 bounds [0x0000024f50960000, 0x0000024f50cd0000, 0x0000024f510b0000]
CodeCache: size=245760Kb, used=31120Kb, max_used=32882Kb, free=214637Kb
 total_blobs=10840, nmethods=10153, adapters=593, full_count=0
Compilation: enabled, stopped_count=0, restarted_count=0

Compilation events (20 events):
Event: 1705.974 Thread 0x0000024f5e0d8670 10713       1       com.sun.jna.internal.Cleaner::access$100 (5 bytes)
Event: 1705.974 Thread 0x0000024f5e0d8670 nmethod 10713 0x0000024f5175f110 code [0x0000024f5175f2a0, 0x0000024f5175f350]
Event: 1887.018 Thread 0x0000024f5e0d5b60 10714       4       java.lang.invoke.VarHandleReferences$FieldInstanceReadWrite::compareAndSet (48 bytes)
Event: 1887.023 Thread 0x0000024f5e0d5b60 nmethod 10714 0x0000024f5175f410 code [0x0000024f5175f5c0, 0x0000024f5175f8a8]
Event: 2073.137 Thread 0x0000024f5e0d8670 10715       3       java.util.concurrent.ScheduledThreadPoolExecutor$DelayedWorkQueue::finishPoll (43 bytes)
Event: 2073.138 Thread 0x0000024f5e0d8670 nmethod 10715 0x0000024f4ab63290 code [0x0000024f4ab63460, 0x0000024f4ab639e8]
Event: 2073.138 Thread 0x0000024f5e0d8670 10716       3       java.util.concurrent.locks.AbstractQueuedSynchronizer$ConditionObject::awaitNanos (202 bytes)
Event: 2073.140 Thread 0x0000024f5e0d8670 nmethod 10716 0x0000024f4ab63b90 code [0x0000024f4ab63e80, 0x0000024f4ab64ca0]
Event: 2103.149 Thread 0x0000024f5e0d8670 10717   !   3       java.util.concurrent.FutureTask::runAndReset (125 bytes)
Event: 2103.153 Thread 0x0000024f5e0d8670 nmethod 10717 0x0000024f4ab65210 code [0x0000024f4ab65680, 0x0000024f4ab67aa0]
Event: 2103.153 Thread 0x0000024f5e0d8670 10718       3       java.util.concurrent.ScheduledThreadPoolExecutor$ScheduledFutureTask::setNextRunTime (38 bytes)
Event: 2103.154 Thread 0x0000024f5e0d8670 nmethod 10718 0x0000024f4ab68610 code [0x0000024f4ab687c0, 0x0000024f4ab68a50]
Event: 2103.154 Thread 0x0000024f5e0d8670 10719       3       java.util.concurrent.ScheduledThreadPoolExecutor::reExecutePeriodic (49 bytes)
Event: 2103.155 Thread 0x0000024f5e0d8670 nmethod 10719 0x0000024f4ab68b10 code [0x0000024f4ab68d40, 0x0000024f4ab694c0]
Event: 2123.948 Thread 0x0000024f5e0d8670 10721       3       org.eclipse.core.internal.dtree.AbstractDataTreeNode::storeStrings (42 bytes)
Event: 2123.949 Thread 0x0000024f5e0d8670 nmethod 10721 0x0000024f4ab69710 code [0x0000024f4ab698e0, 0x0000024f4ab69c58]
Event: 2123.949 Thread 0x0000024f5e0d8670 10720       3       org.eclipse.core.internal.dtree.DataTreeNode::storeStrings (28 bytes)
Event: 2123.949 Thread 0x0000024f5e0d8670 nmethod 10720 0x0000024f4ab69e10 code [0x0000024f4ab69fe0, 0x0000024f4ab6a460]
Event: 2123.949 Thread 0x0000024f5e0d8670 10722       3       org.eclipse.core.internal.utils.StringPool::add (50 bytes)
Event: 2123.950 Thread 0x0000024f5e0d8670 nmethod 10722 0x0000024f4ab6a590 code [0x0000024f4ab6a780, 0x0000024f4ab6ac50]

GC Heap History (20 events):
Event: 38.517 GC heap before
{Heap before GC invocations=41 (full 2):
 PSYoungGen      total 21504K, used 21094K [0x00000000d5580000, 0x00000000d6d00000, 0x0000000100000000)
  eden space 20480K, 100% used [0x00000000d5580000,0x00000000d6980000,0x00000000d6980000)
  from space 1024K, 60% used [0x00000000d6c00000,0x00000000d6c99aa8,0x00000000d6d00000)
  to   space 1024K, 0% used [0x00000000d6b00000,0x00000000d6b00000,0x00000000d6c00000)
 ParOldGen       total 68608K, used 55653K [0x0000000080000000, 0x0000000084300000, 0x00000000d5580000)
  object space 68608K, 81% used [0x0000000080000000,0x0000000083659790,0x0000000084300000)
 Metaspace       used 53628K, committed 54976K, reserved 1114112K
  class space    used 5675K, committed 6272K, reserved 1048576K
}
Event: 38.517 GC heap after
{Heap after GC invocations=41 (full 2):
 PSYoungGen      total 20992K, used 480K [0x00000000d5580000, 0x00000000d6c80000, 0x0000000100000000)
  eden space 20480K, 0% used [0x00000000d5580000,0x00000000d5580000,0x00000000d6980000)
  from space 512K, 93% used [0x00000000d6b00000,0x00000000d6b78000,0x00000000d6b80000)
  to   space 1024K, 0% used [0x00000000d6b80000,0x00000000d6b80000,0x00000000d6c80000)
 ParOldGen       total 68608K, used 55773K [0x0000000080000000, 0x0000000084300000, 0x00000000d5580000)
  object space 68608K, 81% used [0x0000000080000000,0x0000000083677790,0x0000000084300000)
 Metaspace       used 53628K, committed 54976K, reserved 1114112K
  class space    used 5675K, committed 6272K, reserved 1048576K
}
Event: 38.576 GC heap before
{Heap before GC invocations=42 (full 2):
 PSYoungGen      total 20992K, used 20960K [0x00000000d5580000, 0x00000000d6c80000, 0x0000000100000000)
  eden space 20480K, 100% used [0x00000000d5580000,0x00000000d6980000,0x00000000d6980000)
  from space 512K, 93% used [0x00000000d6b00000,0x00000000d6b78000,0x00000000d6b80000)
  to   space 1024K, 0% used [0x00000000d6b80000,0x00000000d6b80000,0x00000000d6c80000)
 ParOldGen       total 68608K, used 55773K [0x0000000080000000, 0x0000000084300000, 0x00000000d5580000)
  object space 68608K, 81% used [0x0000000080000000,0x0000000083677790,0x0000000084300000)
 Metaspace       used 53640K, committed 54976K, reserved 1114112K
  class space    used 5677K, committed 6272K, reserved 1048576K
}
Event: 38.576 GC heap after
{Heap after GC invocations=42 (full 2):
 PSYoungGen      total 20992K, used 512K [0x00000000d5580000, 0x00000000d6c00000, 0x0000000100000000)
  eden space 20480K, 0% used [0x00000000d5580000,0x00000000d5580000,0x00000000d6980000)
  from space 512K, 100% used [0x00000000d6b80000,0x00000000d6c00000,0x00000000d6c00000)
  to   space 1024K, 0% used [0x00000000d6a00000,0x00000000d6a00000,0x00000000d6b00000)
 ParOldGen       total 68608K, used 55893K [0x0000000080000000, 0x0000000084300000, 0x00000000d5580000)
  object space 68608K, 81% used [0x0000000080000000,0x0000000083695790,0x0000000084300000)
 Metaspace       used 53640K, committed 54976K, reserved 1114112K
  class space    used 5677K, committed 6272K, reserved 1048576K
}
Event: 38.712 GC heap before
{Heap before GC invocations=43 (full 2):
 PSYoungGen      total 20992K, used 20992K [0x00000000d5580000, 0x00000000d6c00000, 0x0000000100000000)
  eden space 20480K, 100% used [0x00000000d5580000,0x00000000d6980000,0x00000000d6980000)
  from space 512K, 100% used [0x00000000d6b80000,0x00000000d6c00000,0x00000000d6c00000)
  to   space 1024K, 0% used [0x00000000d6a00000,0x00000000d6a00000,0x00000000d6b00000)
 ParOldGen       total 68608K, used 55893K [0x0000000080000000, 0x0000000084300000, 0x00000000d5580000)
  object space 68608K, 81% used [0x0000000080000000,0x0000000083695790,0x0000000084300000)
 Metaspace       used 53640K, committed 54976K, reserved 1114112K
  class space    used 5677K, committed 6272K, reserved 1048576K
}
Event: 38.713 GC heap after
{Heap after GC invocations=43 (full 2):
 PSYoungGen      total 21504K, used 512K [0x00000000d5580000, 0x00000000d6c00000, 0x0000000100000000)
  eden space 20480K, 0% used [0x00000000d5580000,0x00000000d5580000,0x00000000d6980000)
  from space 1024K, 50% used [0x00000000d6a00000,0x00000000d6a80000,0x00000000d6b00000)
  to   space 1024K, 0% used [0x00000000d6b00000,0x00000000d6b00000,0x00000000d6c00000)
 ParOldGen       total 68608K, used 56045K [0x0000000080000000, 0x0000000084300000, 0x00000000d5580000)
  object space 68608K, 81% used [0x0000000080000000,0x00000000836bb790,0x0000000084300000)
 Metaspace       used 53640K, committed 54976K, reserved 1114112K
  class space    used 5677K, committed 6272K, reserved 1048576K
}
Event: 39.060 GC heap before
{Heap before GC invocations=44 (full 2):
 PSYoungGen      total 21504K, used 20992K [0x00000000d5580000, 0x00000000d6c00000, 0x0000000100000000)
  eden space 20480K, 100% used [0x00000000d5580000,0x00000000d6980000,0x00000000d6980000)
  from space 1024K, 50% used [0x00000000d6a00000,0x00000000d6a80000,0x00000000d6b00000)
  to   space 1024K, 0% used [0x00000000d6b00000,0x00000000d6b00000,0x00000000d6c00000)
 ParOldGen       total 68608K, used 56045K [0x0000000080000000, 0x0000000084300000, 0x00000000d5580000)
  object space 68608K, 81% used [0x0000000080000000,0x00000000836bb790,0x0000000084300000)
 Metaspace       used 53644K, committed 54976K, reserved 1114112K
  class space    used 5677K, committed 6272K, reserved 1048576K
}
Event: 39.061 GC heap after
{Heap after GC invocations=44 (full 2):
 PSYoungGen      total 20480K, used 999K [0x00000000d5580000, 0x00000000d6e80000, 0x0000000100000000)
  eden space 19456K, 0% used [0x00000000d5580000,0x00000000d5580000,0x00000000d6880000)
  from space 1024K, 97% used [0x00000000d6b00000,0x00000000d6bf9c68,0x00000000d6c00000)
  to   space 2560K, 0% used [0x00000000d6880000,0x00000000d6880000,0x00000000d6b00000)
 ParOldGen       total 68608K, used 56942K [0x0000000080000000, 0x0000000084300000, 0x00000000d5580000)
  object space 68608K, 82% used [0x0000000080000000,0x000000008379b898,0x0000000084300000)
 Metaspace       used 53644K, committed 54976K, reserved 1114112K
  class space    used 5677K, committed 6272K, reserved 1048576K
}
Event: 39.090 GC heap before
{Heap before GC invocations=45 (full 2):
 PSYoungGen      total 20480K, used 20455K [0x00000000d5580000, 0x00000000d6e80000, 0x0000000100000000)
  eden space 19456K, 100% used [0x00000000d5580000,0x00000000d6880000,0x00000000d6880000)
  from space 1024K, 97% used [0x00000000d6b00000,0x00000000d6bf9c68,0x00000000d6c00000)
  to   space 2560K, 0% used [0x00000000d6880000,0x00000000d6880000,0x00000000d6b00000)
 ParOldGen       total 68608K, used 56942K [0x0000000080000000, 0x0000000084300000, 0x00000000d5580000)
  object space 68608K, 82% used [0x0000000080000000,0x000000008379b898,0x0000000084300000)
 Metaspace       used 53644K, committed 54976K, reserved 1114112K
  class space    used 5677K, committed 6272K, reserved 1048576K
}
Event: 39.091 GC heap after
{Heap after GC invocations=45 (full 2):
 PSYoungGen      total 20480K, used 832K [0x00000000d5580000, 0x00000000d6b80000, 0x0000000100000000)
  eden space 19456K, 0% used [0x00000000d5580000,0x00000000d5580000,0x00000000d6880000)
  from space 1024K, 81% used [0x00000000d6880000,0x00000000d6950000,0x00000000d6980000)
  to   space 1536K, 0% used [0x00000000d6a00000,0x00000000d6a00000,0x00000000d6b80000)
 ParOldGen       total 68608K, used 57729K [0x0000000080000000, 0x0000000084300000, 0x00000000d5580000)
  object space 68608K, 84% used [0x0000000080000000,0x0000000083860488,0x0000000084300000)
 Metaspace       used 53644K, committed 54976K, reserved 1114112K
  class space    used 5677K, committed 6272K, reserved 1048576K
}
Event: 40.442 GC heap before
{Heap before GC invocations=46 (full 2):
 PSYoungGen      total 20480K, used 20288K [0x00000000d5580000, 0x00000000d6b80000, 0x0000000100000000)
  eden space 19456K, 100% used [0x00000000d5580000,0x00000000d6880000,0x00000000d6880000)
  from space 1024K, 81% used [0x00000000d6880000,0x00000000d6950000,0x00000000d6980000)
  to   space 1536K, 0% used [0x00000000d6a00000,0x00000000d6a00000,0x00000000d6b80000)
 ParOldGen       total 68608K, used 57729K [0x0000000080000000, 0x0000000084300000, 0x00000000d5580000)
  object space 68608K, 84% used [0x0000000080000000,0x0000000083860488,0x0000000084300000)
 Metaspace       used 53662K, committed 54976K, reserved 1114112K
  class space    used 5678K, committed 6272K, reserved 1048576K
}
Event: 40.444 GC heap after
{Heap after GC invocations=46 (full 2):
 PSYoungGen      total 20480K, used 576K [0x00000000d5580000, 0x00000000d6b00000, 0x0000000100000000)
  eden space 19456K, 0% used [0x00000000d5580000,0x00000000d5580000,0x00000000d6880000)
  from space 1024K, 56% used [0x00000000d6a00000,0x00000000d6a90000,0x00000000d6b00000)
  to   space 1024K, 0% used [0x00000000d6880000,0x00000000d6880000,0x00000000d6980000)
 ParOldGen       total 68608K, used 58401K [0x0000000080000000, 0x0000000084300000, 0x00000000d5580000)
  object space 68608K, 85% used [0x0000000080000000,0x0000000083908488,0x0000000084300000)
 Metaspace       used 53662K, committed 54976K, reserved 1114112K
  class space    used 5678K, committed 6272K, reserved 1048576K
}
Event: 40.748 GC heap before
{Heap before GC invocations=47 (full 2):
 PSYoungGen      total 20480K, used 20032K [0x00000000d5580000, 0x00000000d6b00000, 0x0000000100000000)
  eden space 19456K, 100% used [0x00000000d5580000,0x00000000d6880000,0x00000000d6880000)
  from space 1024K, 56% used [0x00000000d6a00000,0x00000000d6a90000,0x00000000d6b00000)
  to   space 1024K, 0% used [0x00000000d6880000,0x00000000d6880000,0x00000000d6980000)
 ParOldGen       total 68608K, used 58401K [0x0000000080000000, 0x0000000084300000, 0x00000000d5580000)
  object space 68608K, 85% used [0x0000000080000000,0x0000000083908488,0x0000000084300000)
 Metaspace       used 53786K, committed 55104K, reserved 1114112K
  class space    used 5690K, committed 6336K, reserved 1048576K
}
Event: 40.749 GC heap after
{Heap after GC invocations=47 (full 2):
 PSYoungGen      total 20480K, used 768K [0x00000000d5580000, 0x00000000d6a80000, 0x0000000100000000)
  eden space 19456K, 0% used [0x00000000d5580000,0x00000000d5580000,0x00000000d6880000)
  from space 1024K, 75% used [0x00000000d6880000,0x00000000d69403a8,0x00000000d6980000)
  to   space 1024K, 0% used [0x00000000d6980000,0x00000000d6980000,0x00000000d6a80000)
 ParOldGen       total 68608K, used 58673K [0x0000000080000000, 0x0000000084300000, 0x00000000d5580000)
  object space 68608K, 85% used [0x0000000080000000,0x000000008394c488,0x0000000084300000)
 Metaspace       used 53786K, committed 55104K, reserved 1114112K
  class space    used 5690K, committed 6336K, reserved 1048576K
}
Event: 40.803 GC heap before
{Heap before GC invocations=48 (full 2):
 PSYoungGen      total 20480K, used 20224K [0x00000000d5580000, 0x00000000d6a80000, 0x0000000100000000)
  eden space 19456K, 100% used [0x00000000d5580000,0x00000000d6880000,0x00000000d6880000)
  from space 1024K, 75% used [0x00000000d6880000,0x00000000d69403a8,0x00000000d6980000)
  to   space 1024K, 0% used [0x00000000d6980000,0x00000000d6980000,0x00000000d6a80000)
 ParOldGen       total 68608K, used 58673K [0x0000000080000000, 0x0000000084300000, 0x00000000d5580000)
  object space 68608K, 85% used [0x0000000080000000,0x000000008394c488,0x0000000084300000)
 Metaspace       used 53799K, committed 55168K, reserved 1114112K
  class space    used 5690K, committed 6336K, reserved 1048576K
}
Event: 40.804 GC heap after
{Heap after GC invocations=48 (full 2):
 PSYoungGen      total 20480K, used 576K [0x00000000d5580000, 0x00000000d6a80000, 0x0000000100000000)
  eden space 19456K, 0% used [0x00000000d5580000,0x00000000d5580000,0x00000000d6880000)
  from space 1024K, 56% used [0x00000000d6980000,0x00000000d6a10000,0x00000000d6a80000)
  to   space 1024K, 0% used [0x00000000d6880000,0x00000000d6880000,0x00000000d6980000)
 ParOldGen       total 68608K, used 59005K [0x0000000080000000, 0x0000000084300000, 0x00000000d5580000)
  object space 68608K, 86% used [0x0000000080000000,0x000000008399f688,0x0000000084300000)
 Metaspace       used 53799K, committed 55168K, reserved 1114112K
  class space    used 5690K, committed 6336K, reserved 1048576K
}
Event: 40.843 GC heap before
{Heap before GC invocations=49 (full 2):
 PSYoungGen      total 20480K, used 20032K [0x00000000d5580000, 0x00000000d6a80000, 0x0000000100000000)
  eden space 19456K, 100% used [0x00000000d5580000,0x00000000d6880000,0x00000000d6880000)
  from space 1024K, 56% used [0x00000000d6980000,0x00000000d6a10000,0x00000000d6a80000)
  to   space 1024K, 0% used [0x00000000d6880000,0x00000000d6880000,0x00000000d6980000)
 ParOldGen       total 68608K, used 59005K [0x0000000080000000, 0x0000000084300000, 0x00000000d5580000)
  object space 68608K, 86% used [0x0000000080000000,0x000000008399f688,0x0000000084300000)
 Metaspace       used 53801K, committed 55168K, reserved 1114112K
  class space    used 5690K, committed 6336K, reserved 1048576K
}
Event: 40.844 GC heap after
{Heap after GC invocations=49 (full 2):
 PSYoungGen      total 20480K, used 967K [0x00000000d5580000, 0x00000000d6b80000, 0x0000000100000000)
  eden space 19456K, 0% used [0x00000000d5580000,0x00000000d5580000,0x00000000d6880000)
  from space 1024K, 94% used [0x00000000d6880000,0x00000000d6971c68,0x00000000d6980000)
  to   space 1536K, 0% used [0x00000000d6a00000,0x00000000d6a00000,0x00000000d6b80000)
 ParOldGen       total 68608K, used 60181K [0x0000000080000000, 0x0000000084300000, 0x00000000d5580000)
  object space 68608K, 87% used [0x0000000080000000,0x0000000083ac5790,0x0000000084300000)
 Metaspace       used 53801K, committed 55168K, reserved 1114112K
  class space    used 5690K, committed 6336K, reserved 1048576K
}
Event: 40.875 GC heap before
{Heap before GC invocations=50 (full 2):
 PSYoungGen      total 20480K, used 20423K [0x00000000d5580000, 0x00000000d6b80000, 0x0000000100000000)
  eden space 19456K, 100% used [0x00000000d5580000,0x00000000d6880000,0x00000000d6880000)
  from space 1024K, 94% used [0x00000000d6880000,0x00000000d6971c68,0x00000000d6980000)
  to   space 1536K, 0% used [0x00000000d6a00000,0x00000000d6a00000,0x00000000d6b80000)
 ParOldGen       total 68608K, used 60181K [0x0000000080000000, 0x0000000084300000, 0x00000000d5580000)
  object space 68608K, 87% used [0x0000000080000000,0x0000000083ac5790,0x0000000084300000)
 Metaspace       used 53802K, committed 55168K, reserved 1114112K
  class space    used 5690K, committed 6336K, reserved 1048576K
}
Event: 40.876 GC heap after
{Heap after GC invocations=50 (full 2):
 PSYoungGen      total 20480K, used 864K [0x00000000d5580000, 0x00000000d6b00000, 0x0000000100000000)
  eden space 19456K, 0% used [0x00000000d5580000,0x00000000d5580000,0x00000000d6880000)
  from space 1024K, 84% used [0x00000000d6a00000,0x00000000d6ad8000,0x00000000d6b00000)
  to   space 1024K, 0% used [0x00000000d6880000,0x00000000d6880000,0x00000000d6980000)
 ParOldGen       total 68608K, used 60952K [0x0000000080000000, 0x0000000084300000, 0x00000000d5580000)
  object space 68608K, 88% used [0x0000000080000000,0x0000000083b86380,0x0000000084300000)
 Metaspace       used 53802K, committed 55168K, reserved 1114112K
  class space    used 5690K, committed 6336K, reserved 1048576K
}

Dll operation events (10 events):
Event: 0.014 Loaded shared library c:\Users\Xandy\.vscode\extensions\redhat.java-1.54.0-win32-x64\jre\21.0.10-win32-x86_64\bin\java.dll
Event: 0.183 Loaded shared library c:\Users\Xandy\.vscode\extensions\redhat.java-1.54.0-win32-x64\jre\21.0.10-win32-x86_64\bin\zip.dll
Event: 0.221 Loaded shared library C:\Users\Xandy\.vscode\extensions\redhat.java-1.54.0-win32-x64\jre\21.0.10-win32-x86_64\bin\instrument.dll
Event: 0.706 Loaded shared library C:\Users\Xandy\.vscode\extensions\redhat.java-1.54.0-win32-x64\jre\21.0.10-win32-x86_64\bin\net.dll
Event: 0.809 Loaded shared library C:\Users\Xandy\.vscode\extensions\redhat.java-1.54.0-win32-x64\jre\21.0.10-win32-x86_64\bin\nio.dll
Event: 0.830 Loaded shared library C:\Users\Xandy\.vscode\extensions\redhat.java-1.54.0-win32-x64\jre\21.0.10-win32-x86_64\bin\zip.dll
Event: 0.909 Loaded shared library C:\Users\Xandy\.vscode\extensions\redhat.java-1.54.0-win32-x64\jre\21.0.10-win32-x86_64\bin\jimage.dll
Event: 1.169 Loaded shared library c:\Users\Xandy\.vscode\extensions\redhat.java-1.54.0-win32-x64\jre\21.0.10-win32-x86_64\bin\verify.dll
Event: 10.836 Loaded shared library C:\Users\Xandy\AppData\Roaming\Code\User\globalStorage\redhat.java\1.54.0\config_win\org.eclipse.equinox.launcher\org.eclipse.equinox.launcher.win32.win32.x86_64_1.3.0.v20260203-2149\eclipse_11919.dll
Event: 23.852 Loaded shared library C:\Users\Xandy\AppData\Local\Temp\jna-84268506\jna1687056599480837189.dll

Deoptimization events (20 events):
Event: 40.973 Thread 0x0000024f6a5f35e0 Uncommon trap: trap_request=0xffffff45 fr.pc=0x0000024f51613bb8 relative=0x0000000000000cf8
Event: 40.973 Thread 0x0000024f6a5f35e0 Uncommon trap: reason=unstable_if action=reinterpret pc=0x0000024f51613bb8 method=java.util.concurrent.ConcurrentHashMap.putVal(Ljava/lang/Object;Ljava/lang/Object;Z)Ljava/lang/Object; @ 245 c2
Event: 40.973 Thread 0x0000024f6a5f35e0 DEOPT PACKING pc=0x0000024f51613bb8 sp=0x000000ed016fe650
Event: 40.973 Thread 0x0000024f6a5f35e0 DEOPT UNPACKING pc=0x0000024f509b3aa2 sp=0x000000ed016fe5f8 mode 2
Event: 40.990 Thread 0x0000024f645ea490 Uncommon trap: trap_request=0xffffffde fr.pc=0x0000024f515de8e0 relative=0x0000000000000120
Event: 40.991 Thread 0x0000024f645ea490 Uncommon trap: reason=class_check action=maybe_recompile pc=0x0000024f515de8e0 method=java.util.stream.ReduceOps$ReduceOp.evaluateSequential(Ljava/util/stream/PipelineHelper;Ljava/util/Spliterator;)Ljava/lang/Object; @ 2 c2
Event: 40.991 Thread 0x0000024f645ea490 DEOPT PACKING pc=0x0000024f515de8e0 sp=0x000000ed7f3ff030
Event: 40.991 Thread 0x0000024f645ea490 DEOPT UNPACKING pc=0x0000024f509b3aa2 sp=0x000000ed7f3fefc8 mode 2
Event: 41.102 Thread 0x0000024f645ea490 Uncommon trap: trap_request=0xffffffc6 fr.pc=0x0000024f5160c0f4 relative=0x0000000000000d34
Event: 41.102 Thread 0x0000024f645ea490 Uncommon trap: reason=bimorphic_or_optimized_type_check action=maybe_recompile pc=0x0000024f5160c0f4 method=java.util.concurrent.ConcurrentHashMap.putAll(Ljava/util/Map;)V @ 23 c2
Event: 41.102 Thread 0x0000024f645ea490 DEOPT PACKING pc=0x0000024f5160c0f4 sp=0x000000ed7f3fe900
Event: 41.102 Thread 0x0000024f645ea490 DEOPT UNPACKING pc=0x0000024f509b3aa2 sp=0x000000ed7f3fe8b0 mode 2
Event: 41.102 Thread 0x0000024f645ea490 Uncommon trap: trap_request=0xffffffc6 fr.pc=0x0000024f5160c0f4 relative=0x0000000000000d34
Event: 41.102 Thread 0x0000024f645ea490 Uncommon trap: reason=bimorphic_or_optimized_type_check action=maybe_recompile pc=0x0000024f5160c0f4 method=java.util.concurrent.ConcurrentHashMap.putAll(Ljava/util/Map;)V @ 23 c2
Event: 41.102 Thread 0x0000024f645ea490 DEOPT PACKING pc=0x0000024f5160c0f4 sp=0x000000ed7f3fe6c0
Event: 41.102 Thread 0x0000024f645ea490 DEOPT UNPACKING pc=0x0000024f509b3aa2 sp=0x000000ed7f3fe670 mode 2
Event: 1450.525 Thread 0x0000024f66898a50 Uncommon trap: trap_request=0xffffffc6 fr.pc=0x0000024f5160c0f4 relative=0x0000000000000d34
Event: 1450.525 Thread 0x0000024f66898a50 Uncommon trap: reason=bimorphic_or_optimized_type_check action=maybe_recompile pc=0x0000024f5160c0f4 method=java.util.concurrent.ConcurrentHashMap.putAll(Ljava/util/Map;)V @ 23 c2
Event: 1450.525 Thread 0x0000024f66898a50 DEOPT PACKING pc=0x0000024f5160c0f4 sp=0x000000ed010feb10
Event: 1450.525 Thread 0x0000024f66898a50 DEOPT UNPACKING pc=0x0000024f509b3aa2 sp=0x000000ed010feac0 mode 2

Classes loaded (20 events):
Event: 32.622 Loading class sun/util/resources/cldr/TimeZoneNames_en_US
Event: 32.622 Loading class sun/util/resources/cldr/TimeZoneNames_en_US done
Event: 32.624 Loading class sun/util/cldr/CLDRBaseLocaleDataMetaInfo$TZCanonicalIDMapHolder
Event: 32.625 Loading class sun/util/cldr/CLDRBaseLocaleDataMetaInfo$TZCanonicalIDMapHolder done
Event: 32.626 Loading class sun/util/resources/TimeZoneNames
Event: 32.627 Loading class sun/util/resources/TimeZoneNames done
Event: 32.627 Loading class sun/util/resources/TimeZoneNames_en
Event: 32.627 Loading class sun/util/resources/TimeZoneNames_en done
Event: 40.960 Loading class java/util/HashMap$EntrySpliterator
Event: 40.960 Loading class java/util/HashMap$EntrySpliterator done
Event: 40.990 Loading class java/util/stream/ReduceOps$5
Event: 40.990 Loading class java/util/stream/ReduceOps$5 done
Event: 40.991 Loading class java/util/stream/ReduceOps$CountingSink$OfRef
Event: 40.991 Loading class java/util/stream/ReduceOps$CountingSink
Event: 40.991 Loading class java/util/stream/ReduceOps$CountingSink done
Event: 40.991 Loading class java/util/stream/ReduceOps$CountingSink$OfRef done
Event: 41.100 Loading class java/util/stream/ReduceOps$1
Event: 41.100 Loading class java/util/stream/ReduceOps$1 done
Event: 41.100 Loading class java/util/stream/ReduceOps$1ReducingSink
Event: 41.100 Loading class java/util/stream/ReduceOps$1ReducingSink done

Classes unloaded (7 events):
Event: 24.518 Thread 0x0000024f463ba370 Unloading class 0x0000024f011a3800 'java/lang/invoke/LambdaForm$MH+0x0000024f011a3800'
Event: 24.518 Thread 0x0000024f463ba370 Unloading class 0x0000024f011a3400 'java/lang/invoke/LambdaForm$MH+0x0000024f011a3400'
Event: 24.518 Thread 0x0000024f463ba370 Unloading class 0x0000024f011a3000 'java/lang/invoke/LambdaForm$MH+0x0000024f011a3000'
Event: 24.518 Thread 0x0000024f463ba370 Unloading class 0x0000024f011a2c00 'java/lang/invoke/LambdaForm$MH+0x0000024f011a2c00'
Event: 24.518 Thread 0x0000024f463ba370 Unloading class 0x0000024f011a2800 'java/lang/invoke/LambdaForm$BMH+0x0000024f011a2800'
Event: 24.518 Thread 0x0000024f463ba370 Unloading class 0x0000024f011a2400 'java/lang/invoke/LambdaForm$DMH+0x0000024f011a2400'
Event: 24.518 Thread 0x0000024f463ba370 Unloading class 0x0000024f011a1000 'java/lang/invoke/LambdaForm$DMH+0x0000024f011a1000'

Classes redefined (0 events):
No events

Internal exceptions (20 events):
Event: 29.068 Thread 0x0000024f645ea490 Exception <a 'sun/nio/fs/WindowsException'{0x00000000d5e86178}> (0x00000000d5e86178) 
thrown [s\src\hotspot\share\prims\jni.cpp, line 520]
Event: 29.374 Thread 0x0000024f645ea490 Exception <a 'java/lang/NoSuchMethodError'{0x00000000d67bc640}: 'void java.lang.invoke.DirectMethodHandle$Holder.invokeStatic(java.lang.Object, java.lang.Object, java.lang.Object, int)'> (0x00000000d67bc640) 
thrown [s\src\hotspot\share\interpreter\linkResolver.cpp, line 773]
Event: 29.388 Thread 0x0000024f645ea490 Exception <a 'java/lang/NoSuchMethodError'{0x00000000d68125e0}: 'void java.lang.invoke.DirectMethodHandle$Holder.invokeVirtual(java.lang.Object, java.lang.Object, int)'> (0x00000000d68125e0) 
thrown [s\src\hotspot\share\interpreter\linkResolver.cpp, line 773]
Event: 31.252 Thread 0x0000024f645ea490 Exception <a 'java/lang/NoSuchMethodError'{0x00000000d5c0e490}: 'void java.lang.invoke.DirectMethodHandle$Holder.invokeInterface(java.lang.Object, java.lang.Object)'> (0x00000000d5c0e490) 
thrown [s\src\hotspot\share\interpreter\linkResolver.cpp, line 773]
Event: 32.451 Thread 0x0000024f645ea490 Implicit null exception at 0x0000024f5164cd22 to 0x0000024f5164ced8
Event: 32.451 Thread 0x0000024f645ea490 Implicit null exception at 0x0000024f51605822 to 0x0000024f516059d8
Event: 32.510 Thread 0x0000024f645ea490 Exception <a 'sun/nio/fs/WindowsException'{0x00000000d68ad758}> (0x00000000d68ad758) 
thrown [s\src\hotspot\share\prims\jni.cpp, line 520]
Event: 32.511 Thread 0x0000024f645ea490 Exception <a 'sun/nio/fs/WindowsException'{0x00000000d68ae030}> (0x00000000d68ae030) 
thrown [s\src\hotspot\share\prims\jni.cpp, line 520]
Event: 38.268 Thread 0x0000024f6a5f35e0 Exception <a 'sun/nio/fs/WindowsException'{0x00000000d6478368}> (0x00000000d6478368) 
thrown [s\src\hotspot\share\prims\jni.cpp, line 520]
Event: 38.268 Thread 0x0000024f6a5f35e0 Exception <a 'sun/nio/fs/WindowsException'{0x00000000d6478c60}> (0x00000000d6478c60) 
thrown [s\src\hotspot\share\prims\jni.cpp, line 520]
Event: 38.268 Thread 0x0000024f6a5f35e0 Exception <a 'sun/nio/fs/WindowsException'{0x00000000d64799b0}> (0x00000000d64799b0) 
thrown [s\src\hotspot\share\prims\jni.cpp, line 520]
Event: 38.268 Thread 0x0000024f6a5f35e0 Exception <a 'sun/nio/fs/WindowsException'{0x00000000d647a288}> (0x00000000d647a288) 
thrown [s\src\hotspot\share\prims\jni.cpp, line 520]
Event: 38.269 Thread 0x0000024f6a5f35e0 Exception <a 'sun/nio/fs/WindowsException'{0x00000000d64f6de0}> (0x00000000d64f6de0) 
thrown [s\src\hotspot\share\prims\jni.cpp, line 520]
Event: 38.269 Thread 0x0000024f6a5f35e0 Exception <a 'sun/nio/fs/WindowsException'{0x00000000d64f76b8}> (0x00000000d64f76b8) 
thrown [s\src\hotspot\share\prims\jni.cpp, line 520]
Event: 38.273 Thread 0x0000024f6a5f35e0 Exception <a 'sun/nio/fs/WindowsException'{0x00000000d6588048}> (0x00000000d6588048) 
thrown [s\src\hotspot\share\prims\jni.cpp, line 520]
Event: 38.273 Thread 0x0000024f6a5f35e0 Exception <a 'sun/nio/fs/WindowsException'{0x00000000d6588920}> (0x00000000d6588920) 
thrown [s\src\hotspot\share\prims\jni.cpp, line 520]
Event: 40.963 Thread 0x0000024f645ea490 Exception <a 'java/lang/NoSuchMethodError'{0x00000000d63fff00}: 'java.lang.Object java.lang.invoke.DirectMethodHandle$Holder.invokeSpecial(java.lang.Object, java.lang.Object, int, long)'> (0x00000000d63fff00) 
thrown [s\src\hotspot\share\interpreter\linkResolver.cpp, line 773]
Event: 40.994 Thread 0x0000024f645ea490 Exception <a 'sun/nio/fs/WindowsException'{0x00000000d660ff88}> (0x00000000d660ff88) 
thrown [s\src\hotspot\share\prims\jni.cpp, line 520]
Event: 40.994 Thread 0x0000024f645ea490 Exception <a 'sun/nio/fs/WindowsException'{0x00000000d66105b0}> (0x00000000d66105b0) 
thrown [s\src\hotspot\share\prims\jni.cpp, line 520]
Event: 1450.526 Thread 0x0000024f66898a50 Exception <a 'java/lang/IncompatibleClassChangeError'{0x00000000d679b460}: Found class java.lang.Object, but interface was expected> (0x00000000d679b460) 
thrown [s\src\hotspot\share\interpreter\linkResolver.cpp, line 840]

ZGC Phase Switch (0 events):
No events

VM Operations (20 events):
Event: 1864.285 Executing non-safepoint VM operation: HandshakeAllThreads (HandshakeForDeflation)
Event: 1864.285 Executing non-safepoint VM operation: HandshakeAllThreads (HandshakeForDeflation) done
Event: 1864.285 Executing non-safepoint VM operation: RendezvousGCThreads
Event: 1864.285 Executing non-safepoint VM operation: RendezvousGCThreads done
Event: 1924.347 Executing non-safepoint VM operation: HandshakeAllThreads (HandshakeForDeflation)
Event: 1924.347 Executing non-safepoint VM operation: HandshakeAllThreads (HandshakeForDeflation) done
Event: 1924.347 Executing non-safepoint VM operation: RendezvousGCThreads
Event: 1924.347 Executing non-safepoint VM operation: RendezvousGCThreads done
Event: 1984.513 Executing non-safepoint VM operation: HandshakeAllThreads (HandshakeForDeflation)
Event: 1984.513 Executing non-safepoint VM operation: HandshakeAllThreads (HandshakeForDeflation) done
Event: 1984.513 Executing non-safepoint VM operation: RendezvousGCThreads
Event: 1984.513 Executing non-safepoint VM operation: RendezvousGCThreads done
Event: 2044.620 Executing non-safepoint VM operation: HandshakeAllThreads (HandshakeForDeflation)
Event: 2044.620 Executing non-safepoint VM operation: HandshakeAllThreads (HandshakeForDeflation) done
Event: 2044.620 Executing non-safepoint VM operation: RendezvousGCThreads
Event: 2044.620 Executing non-safepoint VM operation: RendezvousGCThreads done
Event: 2104.818 Executing non-safepoint VM operation: HandshakeAllThreads (HandshakeForDeflation)
Event: 2104.818 Executing non-safepoint VM operation: HandshakeAllThreads (HandshakeForDeflation) done
Event: 2104.818 Executing non-safepoint VM operation: RendezvousGCThreads
Event: 2104.818 Executing non-safepoint VM operation: RendezvousGCThreads done

Memory protections (0 events):
No events

Nmethod flushes (20 events):
Event: 25.837 Thread 0x0000024f463ba370 flushing  nmethod 0x0000024f49b68e10
Event: 25.837 Thread 0x0000024f463ba370 flushing  nmethod 0x0000024f49ba1710
Event: 25.837 Thread 0x0000024f463ba370 flushing  nmethod 0x0000024f49bafe90
Event: 25.837 Thread 0x0000024f463ba370 flushing  nmethod 0x0000024f49bde110
Event: 25.837 Thread 0x0000024f463ba370 flushing  nmethod 0x0000024f49bde510
Event: 25.837 Thread 0x0000024f463ba370 flushing  nmethod 0x0000024f49bdee10
Event: 25.837 Thread 0x0000024f463ba370 flushing  nmethod 0x0000024f49be0010
Event: 25.837 Thread 0x0000024f463ba370 flushing  nmethod 0x0000024f49be0c90
Event: 25.837 Thread 0x0000024f463ba370 flushing  nmethod 0x0000024f49be1d90
Event: 25.837 Thread 0x0000024f463ba370 flushing  nmethod 0x0000024f49be3290
Event: 25.837 Thread 0x0000024f463ba370 flushing  nmethod 0x0000024f49be3790
Event: 25.837 Thread 0x0000024f463ba370 flushing  nmethod 0x0000024f49be4b90
Event: 25.837 Thread 0x0000024f463ba370 flushing  nmethod 0x0000024f49be7910
Event: 25.837 Thread 0x0000024f463ba370 flushing  nmethod 0x0000024f49be9390
Event: 25.837 Thread 0x0000024f463ba370 flushing  nmethod 0x0000024f49c2fc90
Event: 25.837 Thread 0x0000024f463ba370 flushing  nmethod 0x0000024f49c33110
Event: 25.837 Thread 0x0000024f463ba370 flushing  nmethod 0x0000024f49c52790
Event: 25.837 Thread 0x0000024f463ba370 flushing  nmethod 0x0000024f49c5ec10
Event: 25.837 Thread 0x0000024f463ba370 flushing  nmethod 0x0000024f49ce3690
Event: 25.837 Thread 0x0000024f463ba370 flushing  nmethod 0x0000024f49d2ea90

Events (20 events):
Event: 100.971 Thread 0x0000024f645e7010 Thread exited: 0x0000024f645e7010
Event: 100.986 Thread 0x0000024f6a5f35e0 Thread exited: 0x0000024f6a5f35e0
Event: 160.986 Thread 0x0000024f65df3540 Thread exited: 0x0000024f65df3540
Event: 220.990 Thread 0x0000024f6a5f1510 Thread exited: 0x0000024f6a5f1510
Event: 280.995 Thread 0x0000024f6a5f3c70 Thread exited: 0x0000024f6a5f3c70
Event: 341.001 Thread 0x0000024f65df48f0 Thread exited: 0x0000024f65df48f0
Event: 401.012 Thread 0x0000024f6a5f4300 Thread exited: 0x0000024f6a5f4300
Event: 461.022 Thread 0x0000024f6a5f4990 Thread exited: 0x0000024f6a5f4990
Event: 521.029 Thread 0x0000024f6a5f2230 Thread exited: 0x0000024f6a5f2230
Event: 581.042 Thread 0x0000024f668990e0 Thread exited: 0x0000024f668990e0
Event: 641.044 Thread 0x0000024f65df5610 Thread exited: 0x0000024f65df5610
Event: 701.055 Thread 0x0000024f6a5f28c0 Thread exited: 0x0000024f6a5f28c0
Event: 761.056 Thread 0x0000024f65df4260 Thread exited: 0x0000024f65df4260
Event: 821.067 Thread 0x0000024f65df3bd0 Thread exited: 0x0000024f65df3bd0
Event: 881.073 Thread 0x0000024f65df2eb0 Thread exited: 0x0000024f65df2eb0
Event: 941.076 Thread 0x0000024f6a5f1ba0 Thread exited: 0x0000024f6a5f1ba0
Event: 1001.088 Thread 0x0000024f65df4f80 Thread exited: 0x0000024f65df4f80
Event: 1061.101 Thread 0x0000024f6a5f2f50 Thread exited: 0x0000024f6a5f2f50
Event: 1121.115 Thread 0x0000024f65df2820 Thread exited: 0x0000024f65df2820
Event: 1181.128 Thread 0x0000024f66899770 Thread exited: 0x0000024f66899770


Dynamic libraries:
0x00007ff7582c0000 - 0x00007ff7582ce000 	c:\Users\Xandy\.vscode\extensions\redhat.java-1.54.0-win32-x64\jre\21.0.10-win32-x86_64\bin\java.exe
0x00007ff8030a0000 - 0x00007ff803307000 	C:\WINDOWS\SYSTEM32\ntdll.dll
0x00007ff8010a0000 - 0x00007ff801169000 	C:\WINDOWS\System32\KERNEL32.DLL
0x00007fffffab0000 - 0x00007fffffea4000 	C:\WINDOWS\System32\KERNELBASE.dll
0x00007ffffd210000 - 0x00007ffffd2af000 	C:\WINDOWS\SYSTEM32\apphelp.dll
0x00007fffff960000 - 0x00007fffffaab000 	C:\WINDOWS\System32\ucrtbase.dll
0x00007fffe7290000 - 0x00007fffe72a8000 	c:\Users\Xandy\.vscode\extensions\redhat.java-1.54.0-win32-x64\jre\21.0.10-win32-x86_64\bin\jli.dll
0x00007fffe72b0000 - 0x00007fffe72ce000 	c:\Users\Xandy\.vscode\extensions\redhat.java-1.54.0-win32-x64\jre\21.0.10-win32-x86_64\bin\VCRUNTIME140.dll
0x00007ff802380000 - 0x00007ff802545000 	C:\WINDOWS\System32\USER32.dll
0x00007fffe4ce0000 - 0x00007fffe4f73000 	C:\WINDOWS\WinSxS\amd64_microsoft.windows.common-controls_6595b64144ccf1df_6.0.26100.8115_none_3e075c82e3354f9c\COMCTL32.dll
0x00007ff800000000 - 0x00007ff800027000 	C:\WINDOWS\System32\win32u.dll
0x00007ff801370000 - 0x00007ff801419000 	C:\WINDOWS\System32\msvcrt.dll
0x00007ff802100000 - 0x00007ff80212b000 	C:\WINDOWS\System32\GDI32.dll
0x00007ff800250000 - 0x00007ff80037b000 	C:\WINDOWS\System32\gdi32full.dll
0x00007ffffff40000 - 0x00007ffffffe3000 	C:\WINDOWS\System32\msvcp_win.dll
0x00007ff800fd0000 - 0x00007ff801002000 	C:\WINDOWS\System32\IMM32.DLL
0x00007ffffb160000 - 0x00007ffffb16c000 	c:\Users\Xandy\.vscode\extensions\redhat.java-1.54.0-win32-x64\jre\21.0.10-win32-x86_64\bin\vcruntime140_1.dll
0x00007fffdbdc0000 - 0x00007fffdbe4d000 	c:\Users\Xandy\.vscode\extensions\redhat.java-1.54.0-win32-x64\jre\21.0.10-win32-x86_64\bin\msvcp140.dll
0x00007fff7eca0000 - 0x00007fff7fa41000 	c:\Users\Xandy\.vscode\extensions\redhat.java-1.54.0-win32-x64\jre\21.0.10-win32-x86_64\bin\server\jvm.dll
0x00007ff802040000 - 0x00007ff8020f6000 	C:\WINDOWS\System32\ADVAPI32.dll
0x00007ff801420000 - 0x00007ff8014c7000 	C:\WINDOWS\System32\sechost.dll
0x00007ff801a40000 - 0x00007ff801b58000 	C:\WINDOWS\System32\RPCRT4.dll
0x00007ff801170000 - 0x00007ff8011f0000 	C:\WINDOWS\System32\WS2_32.dll
0x00007fffff7c0000 - 0x00007fffff81e000 	C:\WINDOWS\SYSTEM32\POWRPROF.dll
0x00007ffff11e0000 - 0x00007ffff1216000 	C:\WINDOWS\SYSTEM32\WINMM.dll
0x00007ffff8570000 - 0x00007ffff857b000 	C:\WINDOWS\SYSTEM32\VERSION.dll
0x00007fffff7a0000 - 0x00007fffff7b4000 	C:\WINDOWS\SYSTEM32\UMPDC.dll
0x00007ffffe6f0000 - 0x00007ffffe70b000 	C:\WINDOWS\SYSTEM32\kernel.appcore.dll
0x00007ffff1f30000 - 0x00007ffff1f3a000 	c:\Users\Xandy\.vscode\extensions\redhat.java-1.54.0-win32-x64\jre\21.0.10-win32-x86_64\bin\jimage.dll
0x00007ffff7220000 - 0x00007ffff7462000 	C:\WINDOWS\SYSTEM32\DBGHELP.DLL
0x00007ff8016b0000 - 0x00007ff801a32000 	C:\WINDOWS\System32\combase.dll
0x00007ff802130000 - 0x00007ff802208000 	C:\WINDOWS\System32\OLEAUT32.dll
0x00007fffe42d0000 - 0x00007fffe430b000 	C:\WINDOWS\SYSTEM32\dbgcore.DLL
0x00007ff800030000 - 0x00007ff8000d5000 	C:\WINDOWS\System32\bcryptPrimitives.dll
0x00007fffe7280000 - 0x00007fffe728f000 	c:\Users\Xandy\.vscode\extensions\redhat.java-1.54.0-win32-x64\jre\21.0.10-win32-x86_64\bin\instrument.dll
0x00007fffe32c0000 - 0x00007fffe32e0000 	c:\Users\Xandy\.vscode\extensions\redhat.java-1.54.0-win32-x64\jre\21.0.10-win32-x86_64\bin\java.dll
0x00007ff8026b0000 - 0x00007ff802e17000 	C:\WINDOWS\System32\SHELL32.dll
0x00007ff8000e0000 - 0x00007ff80024a000 	C:\WINDOWS\System32\wintypes.dll
0x00007ff800380000 - 0x00007ff800be8000 	C:\WINDOWS\System32\windows.storage.dll
0x00007ff802210000 - 0x00007ff802308000 	C:\WINDOWS\System32\SHCORE.dll
0x00007ff802310000 - 0x00007ff802376000 	C:\WINDOWS\System32\shlwapi.dll
0x00007fffff880000 - 0x00007fffff8a9000 	C:\WINDOWS\SYSTEM32\profapi.dll
0x00007fffe2e80000 - 0x00007fffe2e98000 	c:\Users\Xandy\.vscode\extensions\redhat.java-1.54.0-win32-x64\jre\21.0.10-win32-x86_64\bin\zip.dll
0x00007fffe2e70000 - 0x00007fffe2e80000 	C:\Users\Xandy\.vscode\extensions\redhat.java-1.54.0-win32-x64\jre\21.0.10-win32-x86_64\bin\net.dll
0x00007ffff9410000 - 0x00007ffff953d000 	C:\WINDOWS\SYSTEM32\WINHTTP.dll
0x00007ffffec60000 - 0x00007ffffeccc000 	C:\WINDOWS\system32\mswsock.dll
0x00007fffdffd0000 - 0x00007fffdffe6000 	C:\Users\Xandy\.vscode\extensions\redhat.java-1.54.0-win32-x64\jre\21.0.10-win32-x86_64\bin\nio.dll
0x00007fffe2e60000 - 0x00007fffe2e70000 	c:\Users\Xandy\.vscode\extensions\redhat.java-1.54.0-win32-x64\jre\21.0.10-win32-x86_64\bin\verify.dll
0x00007fffd5c40000 - 0x00007fffd5c85000 	C:\Users\Xandy\AppData\Roaming\Code\User\globalStorage\redhat.java\1.54.0\config_win\org.eclipse.equinox.launcher\org.eclipse.equinox.launcher.win32.win32.x86_64_1.3.0.v20260203-2149\eclipse_11919.dll
0x00007ff800e30000 - 0x00007ff800fc7000 	C:\WINDOWS\System32\ole32.dll
0x00007ffffef40000 - 0x00007ffffef5b000 	C:\WINDOWS\SYSTEM32\CRYPTSP.dll
0x00007ffffe650000 - 0x00007ffffe689000 	C:\WINDOWS\system32\rsaenh.dll
0x00007ffffed10000 - 0x00007ffffed43000 	C:\WINDOWS\SYSTEM32\USERENV.dll
0x00007fffff850000 - 0x00007fffff87a000 	C:\WINDOWS\SYSTEM32\bcrypt.dll
0x00007ffffef60000 - 0x00007ffffef6c000 	C:\WINDOWS\SYSTEM32\CRYPTBASE.dll
0x00007ffffe0f0000 - 0x00007ffffe122000 	C:\WINDOWS\SYSTEM32\IPHLPAPI.DLL
0x00007ff802f00000 - 0x00007ff802f0a000 	C:\WINDOWS\System32\NSI.dll
0x00007fffdbf80000 - 0x00007fffdbfc9000 	C:\Users\Xandy\AppData\Local\Temp\jna-84268506\jna1687056599480837189.dll
0x00007ff801260000 - 0x00007ff801268000 	C:\WINDOWS\System32\PSAPI.DLL
0x00007ffff95f0000 - 0x00007ffff960d000 	C:\WINDOWS\SYSTEM32\dhcpcsvc6.DLL
0x00007ffff9560000 - 0x00007ffff9585000 	C:\WINDOWS\SYSTEM32\dhcpcsvc.DLL

JVMTI agents:
c:\Users\Xandy\.vscode\extensions\redhat.java-1.54.0-win32-x64\lombok\lombok-1.18.39-4050.jar path:c:\Users\Xandy\.vscode\extensions\redhat.java-1.54.0-win32-x64\jre\21.0.10-win32-x86_64\bin\instrument.dll, loaded, initialized, instrumentlib options:none

dbghelp: loaded successfully - version: 4.0.5 - missing functions: none
symbol engine: initialized successfully - sym options: 0x614 - pdb path: .;c:\Users\Xandy\.vscode\extensions\redhat.java-1.54.0-win32-x64\jre\21.0.10-win32-x86_64\bin;C:\WINDOWS\SYSTEM32;C:\WINDOWS\WinSxS\amd64_microsoft.windows.common-controls_6595b64144ccf1df_6.0.26100.8115_none_3e075c82e3354f9c;c:\Users\Xandy\.vscode\extensions\redhat.java-1.54.0-win32-x64\jre\21.0.10-win32-x86_64\bin\server;C:\Users\Xandy\AppData\Roaming\Code\User\globalStorage\redhat.java\1.54.0\config_win\org.eclipse.equinox.launcher\org.eclipse.equinox.launcher.win32.win32.x86_64_1.3.0.v20260203-2149;C:\Users\Xandy\AppData\Local\Temp\jna-84268506

VM Arguments:
jvm_args: --add-modules=ALL-SYSTEM --add-opens=java.base/java.util=ALL-UNNAMED --add-opens=java.base/java.lang=ALL-UNNAMED --add-opens=java.base/sun.nio.fs=ALL-UNNAMED -Declipse.application=org.eclipse.jdt.ls.core.id1 -Dosgi.bundles.defaultStartLevel=4 -Declipse.product=org.eclipse.jdt.ls.core.product -Djava.import.generatesMetadataFilesAtProjectRoot=false -DDetectVMInstallationsJob.disabled=true -Dfile.encoding=utf8 -XX:+UseParallelGC -XX:GCTimeRatio=4 -XX:AdaptiveSizePolicyWeight=90 -Dsun.zip.disableMemoryMapping=true -Xmx2G -Xms100m -Xlog:disable -javaagent:c:\Users\Xandy\.vscode\extensions\redhat.java-1.54.0-win32-x64\lombok\lombok-1.18.39-4050.jar -XX:+HeapDumpOnOutOfMemoryError -XX:HeapDumpPath=c:\Users\Xandy\AppData\Roaming\Code\User\workspaceStorage\f959030960464c095eab464953977d97\redhat.java -Daether.dependencyCollector.impl=bf 
java_command: c:\Users\Xandy\.vscode\extensions\redhat.java-1.54.0-win32-x64\server\plugins\org.eclipse.equinox.launcher_1.7.100.v20251111-0406.jar -configuration c:\Users\Xandy\AppData\Roaming\Code\User\globalStorage\redhat.java\1.54.0\config_win -data c:\Users\Xandy\AppData\Roaming\Code\User\workspaceStorage\f959030960464c095eab464953977d97\redhat.java\jdt_ws --pipe=\\.\pipe\lsp-68227e73c8997c5039bf0fc27528e29f-sock
java_class_path (initial): c:\Users\Xandy\.vscode\extensions\redhat.java-1.54.0-win32-x64\server\plugins\org.eclipse.equinox.launcher_1.7.100.v20251111-0406.jar
Launcher Type: SUN_STANDARD

[Global flags]
    uintx AdaptiveSizePolicyWeight                 = 90                                        {product} {command line}
     intx CICompilerCount                          = 12                                        {product} {ergonomic}
    uintx GCTimeRatio                              = 4                                         {product} {command line}
     bool HeapDumpOnOutOfMemoryError               = true                                   {manageable} {command line}
    ccstr HeapDumpPath                             = c:\Users\Xandy\AppData\Roaming\Code\User\workspaceStorage\f959030960464c095eab464953977d97\redhat.java         {manageable} {command line}
   size_t InitialHeapSize                          = 104857600                                 {product} {command line}
   size_t MaxHeapSize                              = 2147483648                                {product} {command line}
   size_t MaxNewSize                               = 715653120                                 {product} {ergonomic}
   size_t MinHeapDeltaBytes                        = 524288                                    {product} {ergonomic}
   size_t MinHeapSize                              = 104857600                                 {product} {command line}
   size_t NewSize                                  = 34603008                                  {product} {ergonomic}
    uintx NonNMethodCodeHeapSize                   = 7602480                                {pd product} {ergonomic}
    uintx NonProfiledCodeHeapSize                  = 122027880                              {pd product} {ergonomic}
   size_t OldSize                                  = 70254592                                  {product} {ergonomic}
    uintx ProfiledCodeHeapSize                     = 122027880                              {pd product} {ergonomic}
    uintx ReservedCodeCacheSize                    = 251658240                              {pd product} {ergonomic}
     bool SegmentedCodeCache                       = true                                      {product} {ergonomic}
   size_t SoftMaxHeapSize                          = 2147483648                             {manageable} {ergonomic}
     bool UseCompressedOops                        = true                           {product lp64_product} {ergonomic}
     bool UseLargePagesIndividualAllocation        = false                                  {pd product} {ergonomic}
     bool UseParallelGC                            = true                                      {product} {command line}

Logging:
Log output configuration:
 #0: stdout all=off uptime,level,tags foldmultilines=false
 #1: stderr all=off uptime,level,tags foldmultilines=false

Release file:
JAVA_VERSION="21.0.10" 
MODULES="java.base java.compiler java.datatransfer java.xml java.prefs java.desktop java.instrument java.logging java.management java.security.sasl java.naming java.rmi java.management.rmi java.net.http java.scripting java.security.jgss java.transaction.xa java.sql java.sql.rowset java.xml.crypto java.se java.smartcardio jdk.accessibility jdk.internal.jvmstat jdk.attach jdk.charsets jdk.internal.opt jdk.zipfs jdk.compiler jdk.crypto.ec jdk.crypto.cryptoki jdk.crypto.mscapi jdk.dynalink jdk.internal.ed jdk.editpad jdk.hotspot.agent jdk.httpserver jdk.internal.le jdk.internal.vm.ci jdk.internal.vm.compiler jdk.internal.vm.compiler.management jdk.jartool jdk.javadoc jdk.jcmd jdk.management jdk.management.agent jdk.jconsole jdk.jdeps jdk.jdwp.agent jdk.jdi jdk.jfr jdk.jshell jdk.jsobject jdk.jstatd jdk.localedata jdk.management.jfr jdk.naming.dns jdk.naming.rmi jdk.net jdk.nio.mapmode jdk.random jdk.sctp jdk.security.auth jdk.security.jgss jdk.unsupported jdk.unsupported.desktop jdk.xml.dom" 

Environment Variables:
JAVA_HOME=C:\Program Files\jdk-25.0.2
PATH=C:\Users\Xandy\AppData\Local\Programs\Microsoft VS Code;C:\Program Files\Common Files\Oracle\Java\javapath;C:\Program Files (x86)\Common Files\Oracle\Java\java8path;C:\Program Files (x86)\Common Files\Oracle\Java\javapath;C:\WINDOWS\system32;C:\WINDOWS;C:\WINDOWS\System32\Wbem;C:\WINDOWS\System32\WindowsPowerShell\v1.0\;C:\WINDOWS\System32\OpenSSH\;C:\Program Files\nodejs\;C:\Program Files\Git\cmd;C:\Program Files\dotnet\;C:\Program Files\apache-maven-3.9.12\bin;C:\Program Files\jdk-25.0.2\bin;;C:\Program Files\NVIDIA Corporation\NVIDIA App\NvDLISR;C:\Program Files (x86)\NVIDIA Corporation\PhysX\Common;C:\Users\Xandy\AppData\Local\Programs\Eclipse Adoptium\jdk-25.0.1.8-hotspot\bin;D:\Games\ELDEN RING NIGHTREIGN\me3\bin;C:\Users\Xandy\AppData\Local\Programs\garyttierney\me3\bin;C:\Users\Xandy\AppData\Local\Microsoft\WindowsApps;C:\Users\Xandy\AppData\Local\Programs\Microsoft VS Code\bin;C:\Users\Xandy\AppData\Roaming\npm;
USERNAME=Xandy
OS=Windows_NT
PROCESSOR_IDENTIFIER=Intel64 Family 6 Model 63 Stepping 2, GenuineIntel
TMP=C:\Users\Xandy\AppData\Local\Temp
TEMP=C:\Users\Xandy\AppData\Local\Temp




Periodic native trim disabled

---------------  S Y S T E M  ---------------

OS:
 Windows 11 , 64 bit Build 26100 (10.0.26100.8246)
OS uptime: 0 days 1:12 hours

CPU: total 20 (initial active 20) (10 cores per cpu, 2 threads per core) family 6 model 63 stepping 2 microcode 0x44, cx8, cmov, fxsr, ht, mmx, sse, sse2, sse3, ssse3, sse4.1, sse4.2, popcnt, lzcnt, tsc, tscinvbit, avx, avx2, aes, erms, clmul, bmi1, bmi2, fma, vzeroupper, clflush, rdtscp, f16c
Processor Information for processor 0
  Max Mhz: 2301, Current Mhz: 2301, Mhz Limit: 2301
Processor Information for processor 1
  Max Mhz: 2301, Current Mhz: 2301, Mhz Limit: 2301
Processor Information for processor 2
  Max Mhz: 2301, Current Mhz: 2301, Mhz Limit: 2301
Processor Information for processor 3
  Max Mhz: 2301, Current Mhz: 2301, Mhz Limit: 2301
Processor Information for processor 4
  Max Mhz: 2301, Current Mhz: 2301, Mhz Limit: 2301
Processor Information for processor 5
  Max Mhz: 2301, Current Mhz: 1200, Mhz Limit: 2301
Processor Information for processor 6
  Max Mhz: 2301, Current Mhz: 2301, Mhz Limit: 2301
Processor Information for processor 7
  Max Mhz: 2301, Current Mhz: 1200, Mhz Limit: 2301
Processor Information for processor 8
  Max Mhz: 2301, Current Mhz: 2301, Mhz Limit: 2301
Processor Information for processor 9
  Max Mhz: 2301, Current Mhz: 2301, Mhz Limit: 2301
Processor Information for processor 10
  Max Mhz: 2301, Current Mhz: 2301, Mhz Limit: 2301
Processor Information for processor 11
  Max Mhz: 2301, Current Mhz: 1200, Mhz Limit: 2301
Processor Information for processor 12
  Max Mhz: 2301, Current Mhz: 2301, Mhz Limit: 2301
Processor Information for processor 13
  Max Mhz: 2301, Current Mhz: 1200, Mhz Limit: 2301
Processor Information for processor 14
  Max Mhz: 2301, Current Mhz: 2301, Mhz Limit: 2301
Processor Information for processor 15
  Max Mhz: 2301, Current Mhz: 2301, Mhz Limit: 2301
Processor Information for processor 16
  Max Mhz: 2301, Current Mhz: 2301, Mhz Limit: 2301
Processor Information for processor 17
  Max Mhz: 2301, Current Mhz: 2301, Mhz Limit: 2301
Processor Information for processor 18
  Max Mhz: 2301, Current Mhz: 2301, Mhz Limit: 2301
Processor Information for processor 19
  Max Mhz: 2301, Current Mhz: 2301, Mhz Limit: 2301

Memory: 4k page, system-wide physical 16236M (8232M free)
TotalPageFile size 20543M (AvailPageFile size 0M)
current process WorkingSet (physical memory assigned to process): 8M, peak: 303M
current process commit charge ("private bytes"): 353M, peak: 416M

vm_info: OpenJDK 64-Bit Server VM (21.0.10+7-LTS) for windows-amd64 JRE (21.0.10+7-LTS), built on 2026-01-20T00:00:00Z by "admin" with MS VC++ 17.12 (VS2022)

END.
